// Jest Snapshot v1, https://goo.gl/fbAQLP

exports[`matches snapshot 1`] = `
<DocumentFragment>
  <div
    classname="Box"
  >
    <div
      class="Box-colored"
    />
  </div>
</DocumentFragment>
`;
